
<no location info>: error:
    
******************** tasty-autocollect failure ********************
Expected type: String
Got: Int


