Main.hs
  Test
    failing test: IGNORED

All 1 tests passed
