
<no location info>: error:
    
******************** tasty-autocollect failure ********************
Found extraneous arguments at line 5
