
******************** tasty-autocollect failure ********************
test_todo should not be used with arguments (at line 5)

