<no location info>: error:
    
******************** tasty-autocollect failure ********************
test_prop expected a String for the name of the test.
Got: 11

