Main.hs
  Test
    failing test: FAIL (expected: some reason)
      ./Test.hs:5:
      expected: 2
       but got: 1 (expected failure)

All 1 tests passed
