
<no location info>: error:
    
******************** tasty-autocollect failure ********************
test_batch should not be used with arguments (at line 5)

